// WriterEMASignalConsumer defines the durable consumer spec for writer consuming
// ema signal events.
func WriterEMASignalConsumer() natskit.ConsumerSpec {
	return natskit.ConsumerSpec{
		Durable: "writer-signal-ema",
		Event: natskit.EventSpec{
			Subject: "signal.events.ema.generated.>",
			Type:    "signal.events.v1.ema_generated",
			Stream: natskit.StreamSpec{
				Name: "SIGNAL_EVENTS",
			},
		},
		AckWait:    30 * time.Second,
		MaxDeliver: 5,
	}
}
