// WriterTPOConsumer defines the durable consumer spec for writer consuming
// tpo insights events.
func WriterTPOConsumer() natskit.ConsumerSpec {
	return natskit.ConsumerSpec{
		Durable: "writer-tpo",
		Event: natskit.EventSpec{
			Subject: "insights.events.tpo.sampled.>",
			Type:    "insights.events.v1.tpo_sampled",
			Stream: natskit.StreamSpec{
				Name: "INSIGHTS_EVENTS",
			},
		},
		AckWait:    30 * time.Second,
		MaxDeliver: 5,
	}
}
