// WriterCandleConsumer defines the durable consumer spec for writer consuming candle events.
func WriterCandleConsumer() natskit.ConsumerSpec {
	return natskit.ConsumerSpec{
		Durable: "writer-candle",
		Event: natskit.EventSpec{
			Subject: "evidence.events.candle.sampled.>",
			Type:    "evidence.events.v1.candle_sampled",
			Stream: natskit.StreamSpec{
				Name: "EVIDENCE_EVENTS",
			},
		},
		AckWait:    30 * time.Second,
		MaxDeliver: 5,
	}
}
